[armasm.com/index.html]
[backblue.gif]
[fade.gif]
[index.html]
[armasm.com/manifest.json]
[armasm.com/favicon.png]
[armasm.com/book.min.c58292d36b18b675680ab9baea2029204537b839ea72f258746ec0f32ce8d6c8.css]
[armasm.com/flexsearch.min.js]
[armasm.com/en.search.min.cdf1d3339ad599910ecaf0b922791999eccee31382959665fd94442ac92b40e9.js]
[armasm.com/index.xml]
[armasm.com/docs/getting-to-hello-world/basics/index.html]
[armasm.com/docs/getting-to-hello-world/exiting/index.html]
[armasm.com/docs/getting-to-hello-world/hello-world/index.html]
[armasm.com/docs/registers-and-memory/register-overview/index.html]
[armasm.com/docs/branches-and-conditionals/conditionals/index.html]
[armasm.com/docs/registers-and-memory/memory-overview/index.html]
[armasm.com/docs/registers-and-memory/memory-copy/index.html]
[armasm.com/docs/registers-and-memory/find-the-otter/index.html]
[armasm.com/img/venmo-qr.png]
[armasm.com/index.html]
[armasm.com/docs/branches-and-conditionals/branches-and-loops/index.html]
[armasm.com/docs/branches-and-conditionals/hello-world-revisited/index.html]
[armasm.com/docs/branches-and-conditionals/sticky-keyboard/index.html]
[armasm.com/docs/branches-and-conditionals/inspecting-our-program/index.html]
[armasm.com/docs/branches-and-conditionals/cloning-myself/index.html]
[armasm.com/docs/arithmetic/errors-and-tests/index.html]
[armasm.com/docs/arithmetic/datatypes/index.html]
[armasm.com/docs/arithmetic/multiplication/index.html]
[armasm.com/docs/arithmetic/itoa/index.html]
[armasm.com/fonts/roboto-v27-latin-regular.woff2]
[armasm.com/docs/arithmetic/factorial/index.html]
[armasm.com/docs/bit-operations/signed-numbers/index.html]
[armasm.com/docs/arithmetic/sum-of-squares/index.html]
[armasm.com/docs/arithmetic/the-stack/index.html]
[armasm.com/fonts/roboto-v27-latin-regular.woff]
[armasm.com/docs/bit-operations/exorcise/index.html]
[armasm.com/docs/bit-operations/ok-be-negative/index.html]
[armasm.com/docs/bit-operations/positivty/index.html]
[armasm.com/fonts/roboto-v27-latin-700.woff2]
[armasm.com/docs/bit-operations/xor-cipher/index.html]
[armasm.com/docs/bit-operations/hex-and-love/index.html]
[armasm.com/docs/bit-operations/unsale/index.html]
[armasm.com/docs/bit-operations/shifting/index.html]
[armasm.com/fonts/roboto-v27-latin-700.woff]
[armasm.com/docs/bit-operations/64-bit-math/index.html]
[armasm.com/docs/working-in-linux/add-the-arguments/index.html]
[armasm.com/docs/working-in-linux/add-the-inputs/index.html]
[armasm.com/fonts/roboto-mono-v13-latin-regular.woff2]
[armasm.com/docs/fpu/overview/index.html]
[armasm.com/docs/fpu/here-to-there/index.html]
[armasm.com/docs/working-in-linux/add-the-file/index.html]
[armasm.com/fonts/roboto-mono-v13-latin-regular.woff]
[armasm.com/book.min.c58292d36b18b675680ab9baea2029204537b839ea72f258746ec0f32ce8d6c8.css]
[armasm.com/docs/getting-to-hello-world/basics/index.html]
[armasm.com/docs/getting-to-hello-world/exiting/index.html]
[armasm.com/docs/getting-to-hello-world/hello-world/index.html]
[armasm.com/docs/registers-and-memory/register-overview/index.html]
[armasm.com/img/big-endian.png]
[armasm.com/docs/neon/overview/index.html]
[armasm.com/docs/neon/bus-rider/index.html]
[armasm.com/img/little-endian.png]
[armasm.com/docs/registers-and-memory/memory-overview/index.html]
[armasm.com/docs/registers-and-memory/find-the-otter/index.html]
[armasm.com/docs/registers-and-memory/memory-copy/index.html]
[armasm.com/docs/branches-and-conditionals/conditionals/index.html]
[armasm.com/docs/branches-and-conditionals/branches-and-loops/index.html]
[armasm.com/docs/branches-and-conditionals/hello-world-revisited/index.html]
[armasm.com/docs/branches-and-conditionals/sticky-keyboard/index.html]
[armasm.com/docs/branches-and-conditionals/inspecting-our-program/index.html]
[armasm.com/docs/branches-and-conditionals/cloning-myself/index.html]
[armasm.com/docs/arithmetic/errors-and-tests/index.html]
[armasm.com/docs/arithmetic/datatypes/index.html]
[armasm.com/docs/arithmetic/multiplication/index.html]
[armasm.com/docs/arithmetic/itoa/index.html]
[armasm.com/docs/arithmetic/the-stack/index.html]
[armasm.com/docs/arithmetic/factorial/index.html]
[armasm.com/docs/arithmetic/sum-of-squares/index.html]
[armasm.com/docs/bit-operations/signed-numbers/index.html]
[armasm.com/docs/bit-operations/positivty/index.html]
[armasm.com/docs/bit-operations/exorcise/index.html]
[armasm.com/docs/bit-operations/ok-be-negative/index.html]
[armasm.com/docs/bit-operations/xor-cipher/index.html]
[armasm.com/docs/bit-operations/shifting/index.html]
[armasm.com/docs/bit-operations/hex-and-love/index.html]
[armasm.com/docs/bit-operations/unsale/index.html]
[armasm.com/docs/bit-operations/64-bit-math/index.html]
[armasm.com/img/stack-vis.png]
[armasm.com/docs/working-in-linux/add-the-arguments/index.html]
[armasm.com/docs/working-in-linux/add-the-inputs/index.html]
[armasm.com/docs/working-in-linux/add-the-file/index.html]
[armasm.com/docs/fpu/overview/index.html]
[armasm.com/katex/katex.min.css]
[armasm.com/katex/katex.min.js]
[armasm.com/katex/auto-render.min.js]
[armasm.com/docs/fpu/here-to-there/index.html]
[armasm.com/docs/neon/overview/index.html]
[armasm.com/docs/neon/bus-rider/index.html]
[armasm.com/svg/menu.svg]
[armasm.com/svg/toc.svg]
[armasm.com/katex/fonts/KaTeX_AMS-Regular.woff2]
[armasm.com/katex/fonts/KaTeX_AMS-Regular.woff]
[armasm.com/katex/fonts/KaTeX_AMS-Regular.ttf]
[armasm.com/katex/fonts/KaTeX_Caligraphic-Bold.woff2]
[armasm.com/katex/fonts/KaTeX_Caligraphic-Bold.woff]
[armasm.com/katex/fonts/KaTeX_Caligraphic-Bold.ttf]
[armasm.com/katex/fonts/KaTeX_Caligraphic-Regular.woff2]
[armasm.com/katex/fonts/KaTeX_Caligraphic-Regular.woff]
[armasm.com/katex/fonts/KaTeX_Caligraphic-Regular.ttf]
[armasm.com/katex/fonts/KaTeX_Fraktur-Bold.woff2]
[armasm.com/katex/fonts/KaTeX_Fraktur-Bold.woff]
[armasm.com/katex/fonts/KaTeX_Fraktur-Bold.ttf]
[armasm.com/katex/fonts/KaTeX_Fraktur-Regular.woff2]
[armasm.com/katex/fonts/KaTeX_Fraktur-Regular.woff]
[armasm.com/katex/fonts/KaTeX_Fraktur-Regular.ttf]
[armasm.com/katex/fonts/KaTeX_Main-Bold.woff2]
[armasm.com/katex/fonts/KaTeX_Main-Bold.woff]
[armasm.com/katex/fonts/KaTeX_Main-Bold.ttf]
[armasm.com/katex/fonts/KaTeX_Main-BoldItalic.woff2]
[armasm.com/katex/fonts/KaTeX_Main-BoldItalic.woff]
[armasm.com/katex/fonts/KaTeX_Main-BoldItalic.ttf]
[armasm.com/katex/fonts/KaTeX_Main-Italic.woff2]
[armasm.com/katex/fonts/KaTeX_Main-Italic.woff]
[armasm.com/katex/fonts/KaTeX_Main-Italic.ttf]
[armasm.com/katex/fonts/KaTeX_Main-Regular.woff2]
[armasm.com/katex/fonts/KaTeX_Main-Regular.woff]
[armasm.com/katex/fonts/KaTeX_Main-Regular.ttf]
[armasm.com/katex/fonts/KaTeX_Math-BoldItalic.woff2]
[armasm.com/katex/fonts/KaTeX_Math-BoldItalic.woff]
[armasm.com/katex/fonts/KaTeX_Math-BoldItalic.ttf]
[armasm.com/katex/fonts/KaTeX_Math-Italic.woff2]
[armasm.com/katex/fonts/KaTeX_Math-Italic.woff]
[armasm.com/katex/fonts/KaTeX_Math-Italic.ttf]
[armasm.com/katex/fonts/KaTeX_SansSerif-Bold.woff2]
[armasm.com/katex/fonts/KaTeX_SansSerif-Bold.woff]
[armasm.com/katex/fonts/KaTeX_SansSerif-Bold.ttf]
[armasm.com/katex/fonts/KaTeX_SansSerif-Italic.woff2]
[armasm.com/katex/fonts/KaTeX_SansSerif-Italic.woff]
[armasm.com/katex/fonts/KaTeX_SansSerif-Italic.ttf]
[armasm.com/katex/fonts/KaTeX_SansSerif-Regular.woff2]
[armasm.com/katex/fonts/KaTeX_SansSerif-Regular.woff]
[armasm.com/katex/fonts/KaTeX_SansSerif-Regular.ttf]
[armasm.com/katex/fonts/KaTeX_Script-Regular.woff2]
[armasm.com/katex/fonts/KaTeX_Script-Regular.woff]
[armasm.com/katex/fonts/KaTeX_Script-Regular.ttf]
[armasm.com/katex/fonts/KaTeX_Size1-Regular.woff2]
[armasm.com/katex/fonts/KaTeX_Size1-Regular.woff]
[armasm.com/katex/fonts/KaTeX_Size1-Regular.ttf]
[armasm.com/katex/fonts/KaTeX_Size2-Regular.woff2]
[armasm.com/katex/fonts/KaTeX_Size2-Regular.woff]
[armasm.com/katex/fonts/KaTeX_Size2-Regular.ttf]
[armasm.com/katex/fonts/KaTeX_Size3-Regular.woff2]
[armasm.com/katex/fonts/KaTeX_Size3-Regular.woff]
[armasm.com/katex/fonts/KaTeX_Size3-Regular.ttf]
[armasm.com/katex/fonts/KaTeX_Size4-Regular.woff2]
[armasm.com/katex/fonts/KaTeX_Size4-Regular.woff]
[armasm.com/katex/fonts/KaTeX_Size4-Regular.ttf]
[armasm.com/katex/fonts/KaTeX_Typewriter-Regular.woff2]
[armasm.com/katex/fonts/KaTeX_Typewriter-Regular.woff]
[armasm.com/katex/fonts/KaTeX_Typewriter-Regular.ttf]
[armasm.com/katex/katex.min.css]
